// Jest Snapshot v1, https://goo.gl/fbAQLP

exports[`renders correctly 1`] = `
<button
  class="wrap"
  type="button"
>
  Oh hi!
  aa
</button>
`;
